============================= test session starts =============================
platform win32 -- Python 3.11.0, pytest-9.0.3, pluggy-1.6.0 -- C:\Users\massi\AppData\Local\Programs\Python\Python311\python.exe
cachedir: .pytest_cache
rootdir: C:\Users\massi\Downloads\FABouanes-main
configfile: pyproject.toml
plugins: anyio-4.12.1, cov-7.1.0
collecting ... collected 4 items / 3 deselected / 1 selected

tests/web/test_admin_pages.py::test_admin_panel_renders FAILED
ERROR: Coverage failure: total of 32 is less than fail-under=50


================================== FAILURES ===================================
__________________________ test_admin_panel_renders ___________________________

logged_client = <starlette.testclient.TestClient object at 0x000002385937FD90>

    def test_admin_panel_renders(logged_client):
        response = logged_client.get("/admin")
        assert response.status_code == 200
>       assert "Parametres" in response.text
E       assert 'Parametres' in '<!doctype html>\n<html lang="fr">\n\n<head>\n  <meta charset="utf-8">\n<meta name="viewport" content="width=device-width, initial-scale=1">\n<meta name="csrf-token" content="2c4c211dd3d4be2b50f53de0275dc29e">\n<meta name="theme-color" content="#1a2235">\n<meta name="mobile-web-app-capable" content="yes">\n<meta name="apple-mobile-web-app-capable" content="yes">\n<meta name="apple-mobile-web-app-status-bar-style" content="black-translucent">\n<meta name="apple-mobile-web-app-title" content="FABOuanes">\n<link rel="manifest" href="/static/manifest.json">\n<link rel="apple-touch-icon" href="/static/icon-192.png">\n<link rel="icon" type="image/png" href="/static/favicon.png">\n<title>FABOuanes</title>\n\n<link rel="preload" href="/static/fonts/PlusJakartaSans-0.woff2" as="font" type="font/woff2" crossorigin>\n\n<link href="/static/css/bootstrap.min.css?v=20260516-local-assets" rel="stylesheet">\n<link href="/static/css/bootstrap-icons.css?v=20260516-local-assets" rel="stylesheet"\n  media="print" onload="this.media=\'all\'">\n<noscript>\n  <link href="/static/css/bootstrap-icons.css?v=20260516-local-assets"\n    rel="stylesheet">\n</noscript>\n<link href="/static/css/tokens.css?v=20...k.classList.contains(\'js-no-transition\') &&\n          !link.classList.contains(\'js-filter-tab\')) {\n        \n        if (event.metaKey || event.ctrlKey || event.shiftKey || event.altKey) return;\n        \n        event.preventDefault();\n        const href = link.href;\n        \n        if (appContent) {\n          appContent.classList.remove(\'page-visible\');\n          appContent.classList.add(\'page-hidden\');\n          setTimeout(function() {\n            window.location.href = href;\n          }, 180);\n        } else {\n          window.location.href = href;\n        }\n      }\n    });\n\n    // Smooth fade-out on form submission\n    document.addEventListener(\'submit\', function(event) {\n      const form = event.target;\n      if (form.getAttribute(\'target\') === \'_blank\' || \n          form.classList.contains(\'js-no-transition\') || \n          form.classList.contains(\'transactions-filter-row\') ||\n          form.classList.contains(\'js-ajax-form\')) return;\n      \n      if (appContent) {\n        appContent.classList.remove(\'page-visible\');\n        appContent.classList.add(\'page-hidden\');\n      }\n    });\n  });\n</script>\n  \n</body>\n</html>'
E        +  where '<!doctype html>\n<html lang="fr">\n\n<head>\n  <meta charset="utf-8">\n<meta name="viewport" content="width=device-width, initial-scale=1">\n<meta name="csrf-token" content="2c4c211dd3d4be2b50f53de0275dc29e">\n<meta name="theme-color" content="#1a2235">\n<meta name="mobile-web-app-capable" content="yes">\n<meta name="apple-mobile-web-app-capable" content="yes">\n<meta name="apple-mobile-web-app-status-bar-style" content="black-translucent">\n<meta name="apple-mobile-web-app-title" content="FABOuanes">\n<link rel="manifest" href="/static/manifest.json">\n<link rel="apple-touch-icon" href="/static/icon-192.png">\n<link rel="icon" type="image/png" href="/static/favicon.png">\n<title>FABOuanes</title>\n\n<link rel="preload" href="/static/fonts/PlusJakartaSans-0.woff2" as="font" type="font/woff2" crossorigin>\n\n<link href="/static/css/bootstrap.min.css?v=20260516-local-assets" rel="stylesheet">\n<link href="/static/css/bootstrap-icons.css?v=20260516-local-assets" rel="stylesheet"\n  media="print" onload="this.media=\'all\'">\n<noscript>\n  <link href="/static/css/bootstrap-icons.css?v=20260516-local-assets"\n    rel="stylesheet">\n</noscript>\n<link href="/static/css/tokens.css?v=20...k.classList.contains(\'js-no-transition\') &&\n          !link.classList.contains(\'js-filter-tab\')) {\n        \n        if (event.metaKey || event.ctrlKey || event.shiftKey || event.altKey) return;\n        \n        event.preventDefault();\n        const href = link.href;\n        \n        if (appContent) {\n          appContent.classList.remove(\'page-visible\');\n          appContent.classList.add(\'page-hidden\');\n          setTimeout(function() {\n            window.location.href = href;\n          }, 180);\n        } else {\n          window.location.href = href;\n        }\n      }\n    });\n\n    // Smooth fade-out on form submission\n    document.addEventListener(\'submit\', function(event) {\n      const form = event.target;\n      if (form.getAttribute(\'target\') === \'_blank\' || \n          form.classList.contains(\'js-no-transition\') || \n          form.classList.contains(\'transactions-filter-row\') ||\n          form.classList.contains(\'js-ajax-form\')) return;\n      \n      if (appContent) {\n        appContent.classList.remove(\'page-visible\');\n        appContent.classList.add(\'page-hidden\');\n      }\n    });\n  });\n</script>\n  \n</body>\n</html>' = <Response [200 OK]>.text

tests\web\test_admin_pages.py:12: AssertionError
============================== warnings summary ===============================
tests/web/test_admin_pages.py::test_admin_panel_renders
tests/web/test_admin_pages.py::test_admin_panel_renders
  C:\Users\massi\AppData\Local\Programs\Python\Python311\Lib\site-packages\alembic\config.py:612: DeprecationWarning: No path_separator found in configuration; falling back to legacy splitting on spaces, commas, and colons for prepend_sys_path.  Consider adding path_separator=os to Alembic config.
    util.warn_deprecated(

tests/web/test_admin_pages.py::test_admin_panel_renders
tests/web/test_admin_pages.py::test_admin_panel_renders
  C:\Users\massi\AppData\Local\Programs\Python\Python311\Lib\site-packages\starlette\templating.py:162: DeprecationWarning: The `name` is not the first parameter anymore. The first parameter should be the `Request` instance.
  Replace `TemplateResponse(name, {"request": request})` by `TemplateResponse(request, name)`.
    warnings.warn(

-- Docs: https://docs.pytest.org/en/stable/how-to/capture-warnings.html
=============================== tests coverage ================================
_______________ coverage: platform win32, python 3.11.0-final-0 _______________

Name                                         Stmts   Miss  Cover   Missing
--------------------------------------------------------------------------
app\api\__init__.py                              2      0   100%
app\api\compat_routes.py                        33     23    30%   15-48, 63-87
app\api\deps.py                                 70     43    39%   24, 28, 32, 36-52, 56-65, 69-72, 76, 80, 84-100, 104, 111, 118-136
app\api\router.py                               26      0   100%
app\api\v1\__init__.py                           0      0   100%
app\api\v1\_common.py                            5      0   100%
app\api\v1\admin.py                             12      3    75%   16-18
app\api\v1\auth.py                              50     29    42%   28-29, 35-42, 62-69, 74-83, 88-89
app\api\v1\clients.py                          243    203    16%   45-59, 63-73, 77-149, 159-190, 200-209, 221-246, 250-279, 283-299, 303-320, 324-339, 343-360, 374-425, 443-485
app\api\v1\dashboard.py                         14      3    79%   18-20
app\api\v1\form_parsers.py                      16     12    25%   7-20
app\api\v1\mobile_api.py                        54     26    52%   32, 42-49, 61-70, 84-87, 99-102, 115-126, 134-137
app\api\v1\offline.py                           28     16    43%   24-47
app\api\v1\payments.py                          58     37    36%   19-35, 39-49, 53-57, 61-74, 78-86
app\api\v1\production.py                        72     49    32%   18-29, 33-52, 56-63, 67-74, 78-83, 87-94
app\api\v1\purchases.py                         56     41    27%   26-56, 62-98, 104-114
app\api\v1\query_builders.py                    39     29    26%   8-11, 14-18, 26-30, 38, 41-46, 49-56
app\api\v1\response_helpers.py                  65     40    38%   22-23, 26-31, 34-35, 38-49, 52-61, 64-74, 77-88, 91-117, 120-123, 130-133, 141-161, 164-167, 175-182
app\api\v1\sales.py                             77     57    26%   44-45, 51-95, 101-139, 144-156, 162-178
app\api\ws.py                                   16      9    44%   10-20
app\core\__init__.py                             2      0   100%
app\core\activity.py                            63     23    63%   31-33, 39, 49-54, 71-73, 94-95, 103-116
app\core\audit.py                              181     62    66%   26, 29, 74-75, 95, 99, 101, 103, 105, 112, 118, 122, 124, 126, 128, 130, 146-153, 158-165, 168-175, 204, 232-233, 235-236, 238-239, 241-242, 244-245, 247-248, 254, 261-299, 312-315
app\core\auth_cookie.py                         19      8    58%   22-29
app\core\config.py                              91     27    70%   21-29, 57-62, 66-71, 75-76, 82, 84, 97-100, 108
app\core\connection.py                           3      0   100%
app\core\database.py                            68     12    82%   29-31, 46, 61-62, 66, 86-90
app\core\db.py                                   8      8     0%   5-22
app\core\db\__init__.py                         11      1    91%   39
app\core\db_access.py                            2      0   100%
app\core\db_compat.py                            3      3     0%   1-4
app\core\db_helpers.py                         478    205    57%   28, 33, 58-59, 86-103, 116, 120, 125, 128-134, 157-158, 168-170, 198-222, 225, 247-248, 264, 267-268, 271-278, 281-289, 294-295, 309, 311, 329-335, 338, 350-354, 361-367, 377, 391-393, 407-439, 445-447, 450, 465-474, 477-481, 484-506, 509-519, 522-523, 526-528, 544, 553, 559, 566-567, 573, 582, 585, 601, 605, 613-617, 621-625
app\core\document_numbering.py                  50     50     0%   1-77
app\core\events.py                              77     29    62%   56-58, 63-74, 88-90, 102-104, 114-116, 122-124, 129-134, 160-161, 178-179
app\core\exceptions.py                          27     14    48%   6-9, 13-15, 19-22, 26, 30, 34
app\core\helpers.py                             58     38    34%   7-10, 14-15, 19-21, 25-27, 31-33, 37-39, 43-45, 49-51, 55-57, 61-63, 78-80, 108-110, 134-136, 140-142, 146-148, 152-154, 158-160, 164-166
app\core\jwt_auth.py                            30     15    50%   27-30, 38-41, 48-53, 60-65
app\core\logging.py                             43     17    60%   19-42, 51, 55, 70-71
app\core\perf_cache.py                         192     90    53%   20-21, 28, 32, 36, 40, 44, 48, 52, 78-79, 92, 100, 106-107, 114-115, 118-119, 125-128, 131, 134-137, 140-144, 147-158, 161-171, 175-176, 179-185, 188-191, 198-206, 214, 232, 240, 246, 249, 258-274
app\core\permissions.py                        119     70    41%   165-167, 177-197, 202, 204, 212-219, 223-231, 235-255, 259-272, 276-288
app\core\rate_limit.py                           8      1    88%   15
app\core\registry.py                            84     20    76%   67-70, 80, 95-98, 108-109, 127, 135-141, 160-162
app\core\request_state.py                       25      1    96%   35
app\core\runtime_paths.py                       20      0   100%
app\core\sanitizer.py                           15     15     0%   1-26
app\core\schema.py                             100    100     0%   1-176
app\core\schema\__init__.py                      0      0   100%
app\core\schema\catalog.py                       1      0   100%
app\core\schema\contacts.py                      1      0   100%
app\core\schema\core.py                          1      0   100%
app\core\schema\operations.py                    1      0   100%
app\core\schema\production.py                    1      0   100%
app\core\schema_bootstrap.py                    45      9    80%   40-42, 50-52, 57, 61-62
app\core\security.py                            92     26    72%   29, 33, 40, 50, 53, 68-83, 96, 100, 133-136, 141-142
app\core\sql_compat.py                          32      1    97%   25
app\core\storage.py                            341    281    18%   40-44, 49-56, 61-66, 70, 74-80, 84, 88-106, 113-117, 121, 132-138, 143-147, 152-156, 170-371, 375-388, 400-435, 440-447, 452-461, 472-509, 522, 532-535, 545-550, 562-577
app\core\websockets.py                          45     29    36%   17-22, 25-38, 41-45, 49-50, 57-59
app\modules\__init__.py                          0      0   100%
app\modules\base.py                             32      7    78%   16, 21, 26, 31, 36, 51, 56
app\modules\expenses\__init__.py                30      0   100%
app\modules\expenses\repository.py              64     48    25%   53-71, 75-77, 81-88, 92-100, 104-105, 111-120, 124-137, 141-147
app\modules\expenses\schema.py                   1      0   100%
app\modules\expenses\schemas_validation.py      33     13    61%   29-32, 37-46
app\modules\expenses\service.py                 28     18    36%   17, 21, 25-28, 32-35, 39-44, 48, 52
app\modules\expenses\web.py                     85     64    25%   21-33, 42-45, 53-84, 89-96, 104-143, 148-156
app\modules\reports\__init__.py                 26      0   100%
app\modules\reports\dtos.py                     59      0   100%
app\modules\reports\repository.py              117     99    15%   10-29, 32-42, 47-76, 81-109, 112-150, 157-172, 175-186, 189-201, 204-234, 237-248, 251-252, 255-267, 270-278
app\modules\reports\service.py                 154    143     7%   18-24, 28, 33-250, 274-276
app\modules\reports\web.py                      51     37    27%   17, 25-37, 47-88
app\repositories\__init__.py                     0      0   100%
app\repositories\client_repository.py           57     35    39%   6-7, 12, 17-33, 42, 47, 55, 60, 68, 75-91, 101
app\repositories\dashboard_repository.py        57     44    23%   10-11, 19, 27-137, 163-198, 203-216, 258-263, 267-298, 302-334, 341-383
app\repositories\operation_repository.py        32     26    19%   15-79, 84-95
app\repositories\payment_repository.py          56     48    14%   9-39, 49, 56, 65-103
app\repositories\production_repository.py       68     60    12%   9-53, 61-62, 75-104, 111-124
app\repositories\purchase_repository.py         83     73    12%   8-67, 71-135, 153, 160, 193, 206, 245-284
app\repositories\sale_repository.py             58     46    21%   8, 11, 14-42, 45-46, 57-109, 113-122, 131, 135
app\repositories\settings_repository.py          6      6     0%   1-11
app\repositories\stock_repository.py            46     37    20%   7, 11, 15, 19, 35, 62-88, 97-115
app\repositories\supplier_repository.py         17     14    18%   10-27
app\repositories\transaction_repository.py      95     85    11%   21-28, 32-50, 54-68, 72-194
app\repositories\user_repository.py             22      4    82%   18, 28, 44, 57
app\schemas\api_schemas.py                      56     13    77%   19-24, 29-35
app\schemas\auth.py                             42     13    69%   14-16, 21-23, 34-36, 47-50
app\schemas\client_validation.py                30     15    50%   17-19, 24-36
app\schemas\payment.py                          23      3    87%   21-23
app\services\__init__.py                         0      0   100%
app\services\activity_service.py                78     23    71%   65-74, 84, 127-128, 130-131, 133-134, 136-137, 139-148, 151
app\services\admin_service.py                   98     67    32%   33-48, 52-81, 85-98, 102-105, 109-120, 125
app\services\alert_service.py                   22     13    41%   25-26, 51-73
app\services\auth_service.py                    79     44    44%   36-44, 49-57, 80-90, 94-125, 129-140, 148-151
app\services\backup_service.py                 287    233    19%   38-42, 47-51, 65-72, 83, 112, 136, 146-147, 152-161, 165-166, 176-195, 199-205, 209-280, 284-325, 329-343, 347-374, 379-386, 391-419, 424-434, 438-477, 483, 487-503, 512
app\services\bon_space_service.py               84     68    19%   12-15, 34, 56-57, 66-109, 127-201, 219-232, 250-265, 283-301, 320-322, 341-366, 370-376
app\services\catalog_service.py                161    139    14%   11-25, 35-134, 142, 193-209, 213, 224-253, 257, 261, 265-280, 289-304, 313-331, 335-352, 356-366, 370-380
app\services\client_account_service.py         108    108     0%   1-158
app\services\client_import_service.py           26     26     0%   1-111
app\services\client_service.py                 215    186    13%   22-34, 38, 42-128, 132-136, 140-152, 156-159, 163-167, 171-185, 189-192, 196-243, 247-261, 265-269, 280-336, 340-347, 351-356
app\services\contact_directory_service.py       62     47    24%   12-20, 28-62, 70-84, 88, 92-106, 110-114, 118-122, 130-146
app\services\excel_import_service.py           176    176     0%   1-306
app\services\notes_service.py                   43     43     0%   1-56
app\services\payment_service.py                 97     83    14%   14, 18-32, 36-63, 67-84, 88-100, 114-147
app\services\print_service.py                  333    301    10%   21-22, 54-69, 73-82, 86-96, 100-101, 111, 121-126, 130-513, 517-520, 524-526, 530-973, 977-1246
app\services\production_service.py             107     87    19%   20-22, 26, 30-36, 40-56, 60-133, 137-144
app\services\purchase_service.py               202    179    11%   20-22, 26-33, 39-96, 101-114, 121-125, 132-148, 152-156, 163-172, 196-253, 264-312, 323-398, 409-416, 420
app\services\recipe_service.py                  28     22    21%   10-46, 56-81
app\services\sale_service.py                   249    221    11%   23, 27-34, 38-87, 91-107, 117-121, 128-147, 151, 155-173, 177-179, 190-200, 204-210, 214-218, 226-234, 264-327, 339-392, 404-489, 501-510, 514
app\services\stock_service.py                  346    315     9%   16-21, 25-30, 34-39, 43-48, 52, 56, 60, 64-70, 74-79, 94-97, 101-113, 117-132, 136-146, 150-169, 173-184, 199-264, 281-364, 368-405, 409-436, 440-449, 453-464, 468-495, 499-503
app\services\system_service.py                  86     32    63%   26-27, 44-46, 108-109, 123-125, 129-132, 136-137, 141-153, 157-169
app\services\transactions_service.py            55     47    15%   18-98, 109-129
app\utils\__init__.py                            0      0   100%
app\utils\mobile_connect.py                    115     93    19%   22-23, 27-53, 57, 61-62, 66-71, 75-79, 83-90, 94-129, 134-153, 157-179
app\utils\pagination.py                         99     80    19%   17-31, 35-36, 40-49, 53-63, 75-87, 102-104, 108-111, 115-116, 120-130, 144-160
app\utils\printing.py                            3      3     0%   1-5
app\utils\tool_pages.py                         75     59    21%   14-15, 19-22, 26-40, 44-53, 57-61, 65-66, 70-74, 78-88, 92-96
app\web\__init__.py                              2      0   100%
app\web\admin_pages.py                          71     44    38%   28, 35-61, 66-69, 74-78, 83-87, 96-99, 104-107
app\web\auth_pages.py                           65     27    58%   22, 30, 42, 54-56, 61-64, 69-81, 86-94
app\web\catalog_pages.py                       115     84    27%   34-37, 42-45, 50-53, 58-62, 67-74, 79-86, 91-101, 106-113, 118-128, 133-141, 146-154, 159-163
app\web\client_pages.py                        237    181    24%   30, 51-54, 59-75, 80-83, 88-91, 99-118, 123-126, 131-134, 140-181, 186-189, 194-201, 206-209, 214-222, 237-240, 245-252, 258-285, 291-307, 312-373
app\web\compat.py                                2      0   100%
app\web\contacts_pages.py                      124     86    31%   30-35, 43-46, 51-58, 63-66, 71-75, 80-83, 91-98, 103-106, 111-118, 123-126, 131-138, 144-155, 161-171
app\web\dashboard_pages.py                      63     44    30%   17-21, 26-30, 35-39, 44-48, 53-61, 66-93
app\web\deps.py                                210     71    66%   49-55, 59-68, 90, 101-102, 108-117, 130, 143, 145, 148, 152-153, 158, 180-181, 186, 190-193, 199, 201-202, 225, 228, 230-232, 236-261
app\web\operations_pages.py                     74     54    27%   18, 36-47, 52-74, 80-98, 113-131
app\web\payment_pages.py                       108     75    31%   26, 31-34, 39-50, 55-58, 63-67, 74-89, 94-97, 102-109, 115-127, 133-141
app\web\production_pages.py                     64     45    30%   18-21, 26-37, 42-45, 50-67, 72-80
app\web\purchase_pages.py                      142    103    27%   29-32, 37-48, 53-56, 61-64, 71-85, 90-93, 98-107, 113-125, 130-133, 138-149, 155-167, 173-181
app\web\report_pages.py                         93     65    30%   33, 38-45, 60-76, 82-93, 109-131, 137-142, 147
app\web\router.py                               28      0   100%
app\web\sales_pages.py                         147    107    27%   30-33, 38-51, 56-59, 64-67, 74-88, 93-96, 101-111, 117-129, 134-137, 142-154, 160-172, 178-186
app\web\search_pages.py                         86     74    14%   28-64, 72-79, 87-243
--------------------------------------------------------------------------
TOTAL                                         9566   6481    32%
FAIL Required test coverage of 50% not reached. Total coverage: 32.25%
=========================== short test summary info ===========================
FAILED tests/web/test_admin_pages.py::test_admin_panel_renders - assert 'Para...
================= 1 failed, 3 deselected, 4 warnings in 9.93s =================
